[2025-11-30 11:37:20.759] --- NoiseDemo_VMRand (Quantile-Based Von Mises) start ---
[2025-11-30 11:37:21.825] Stage loop iteration, stage=1
[2025-11-30 11:37:22.374] presentNoisySquareAt start: angle=90.0, noiseLevel=low, durMs=500, deferFlip=0
[2025-11-30 11:37:22.961] presentNoisySquareAt end
[2025-11-30 11:37:22.970] Mouse click: stimulus presented
[2025-11-30 11:37:22.972] Stage loop iteration, stage=1
[2025-11-30 11:37:23.266] presentNoisySquareAt start: angle=90.0, noiseLevel=low, durMs=500, deferFlip=0
[2025-11-30 11:37:23.779] presentNoisySquareAt end
[2025-11-30 11:37:24.505] Mouse click: stimulus presented
[2025-11-30 11:37:24.506] Stage loop iteration, stage=1
[2025-11-30 11:37:25.596] Keypress detected: F (next stage)
[2025-11-30 11:37:25.697] Stage advanced to 2
[2025-11-30 11:37:25.698] Stage loop iteration, stage=2
[2025-11-30 11:37:26.081] presentNoisySquareAt start: angle=90.0, noiseLevel=high, durMs=500, deferFlip=0
[2025-11-30 11:37:26.591] presentNoisySquareAt end
[2025-11-30 11:37:27.761] Mouse click: stimulus presented
[2025-11-30 11:37:27.761] Stage loop iteration, stage=2
[2025-11-30 11:37:28.047] presentNoisySquareAt start: angle=90.0, noiseLevel=high, durMs=500, deferFlip=0
[2025-11-30 11:37:28.557] presentNoisySquareAt end
[2025-11-30 11:37:28.672] Mouse click: stimulus presented
[2025-11-30 11:37:28.673] Stage loop iteration, stage=2
[2025-11-30 11:37:28.926] presentNoisySquareAt start: angle=90.0, noiseLevel=high, durMs=500, deferFlip=0
[2025-11-30 11:37:29.447] presentNoisySquareAt end
[2025-11-30 11:37:29.450] Mouse click: stimulus presented
[2025-11-30 11:37:29.451] Stage loop iteration, stage=2
[2025-11-30 11:37:29.621] presentNoisySquareAt start: angle=90.0, noiseLevel=high, durMs=500, deferFlip=0
[2025-11-30 11:37:30.129] presentNoisySquareAt end
[2025-11-30 11:37:30.131] Mouse click: stimulus presented
[2025-11-30 11:37:30.132] Stage loop iteration, stage=2
[2025-11-30 11:37:30.327] presentNoisySquareAt start: angle=90.0, noiseLevel=high, durMs=500, deferFlip=0
[2025-11-30 11:37:30.835] presentNoisySquareAt end
[2025-11-30 11:37:30.838] Mouse click: stimulus presented
[2025-11-30 11:37:30.839] Stage loop iteration, stage=2
[2025-11-30 11:37:31.011] presentNoisySquareAt start: angle=90.0, noiseLevel=high, durMs=500, deferFlip=0
[2025-11-30 11:37:31.519] presentNoisySquareAt end
[2025-11-30 11:37:31.562] Mouse click: stimulus presented
[2025-11-30 11:37:31.563] Stage loop iteration, stage=2
[2025-11-30 11:37:31.769] presentNoisySquareAt start: angle=90.0, noiseLevel=high, durMs=500, deferFlip=0
[2025-11-30 11:37:32.277] presentNoisySquareAt end
[2025-11-30 11:37:32.278] Mouse click: stimulus presented
[2025-11-30 11:37:32.279] Stage loop iteration, stage=2
[2025-11-30 11:37:33.484] Keypress detected: ESC (quit)
[2025-11-30 11:37:33.585] Quit requested
[2025-11-30 11:37:33.586] Cleanup called
[2025-12-01 09:05:50.599] --- NoiseDemo_VMRand (Quantile-Based Von Mises) start ---
[2025-12-01 09:05:51.685] Stage loop iteration, stage=1
[2025-12-01 09:05:52.934] Keypress detected: F (next stage)
[2025-12-01 09:05:53.036] Stage advanced to 2
[2025-12-01 09:05:53.045] Stage loop iteration, stage=2
[2025-12-01 09:05:56.135] presentNoisySquareAt start: angle=90.0, noiseLevel=high, durMs=500, deferFlip=0
[2025-12-01 09:05:56.707] presentNoisySquareAt end
[2025-12-01 09:05:57.252] Mouse click: stimulus presented
[2025-12-01 09:05:57.253] Stage loop iteration, stage=2
[2025-12-01 09:05:57.893] presentNoisySquareAt start: angle=90.0, noiseLevel=high, durMs=500, deferFlip=0
[2025-12-01 09:05:58.407] presentNoisySquareAt end
[2025-12-01 09:05:59.498] Mouse click: stimulus presented
[2025-12-01 09:05:59.499] Stage loop iteration, stage=2
[2025-12-01 09:05:59.860] presentNoisySquareAt start: angle=90.0, noiseLevel=high, durMs=500, deferFlip=0
[2025-12-01 09:06:00.372] presentNoisySquareAt end
[2025-12-01 09:06:00.748] Mouse click: stimulus presented
[2025-12-01 09:06:00.749] Stage loop iteration, stage=2
[2025-12-01 09:06:01.043] presentNoisySquareAt start: angle=90.0, noiseLevel=high, durMs=500, deferFlip=0
[2025-12-01 09:06:01.554] presentNoisySquareAt end
[2025-12-01 09:06:01.908] Mouse click: stimulus presented
[2025-12-01 09:06:01.909] Stage loop iteration, stage=2
[2025-12-01 09:06:02.238] presentNoisySquareAt start: angle=90.0, noiseLevel=high, durMs=500, deferFlip=0
[2025-12-01 09:06:02.759] presentNoisySquareAt end
[2025-12-01 09:06:03.134] Mouse click: stimulus presented
[2025-12-01 09:06:03.135] Stage loop iteration, stage=2
[2025-12-01 09:06:03.475] presentNoisySquareAt start: angle=90.0, noiseLevel=high, durMs=500, deferFlip=0
[2025-12-01 09:06:03.985] presentNoisySquareAt end
[2025-12-01 09:06:04.429] Mouse click: stimulus presented
[2025-12-01 09:06:04.430] Stage loop iteration, stage=2
[2025-12-01 09:06:04.702] presentNoisySquareAt start: angle=90.0, noiseLevel=high, durMs=500, deferFlip=0
[2025-12-01 09:06:05.212] presentNoisySquareAt end
[2025-12-01 09:06:05.697] Mouse click: stimulus presented
[2025-12-01 09:06:05.697] Stage loop iteration, stage=2
[2025-12-01 09:06:06.037] presentNoisySquareAt start: angle=90.0, noiseLevel=high, durMs=500, deferFlip=0
[2025-12-01 09:06:06.545] presentNoisySquareAt end
[2025-12-01 09:06:06.708] Mouse click: stimulus presented
[2025-12-01 09:06:06.709] Stage loop iteration, stage=2
[2025-12-01 09:06:10.167] Keypress detected: ESC (quit)
[2025-12-01 09:06:10.269] Quit requested
[2025-12-01 09:06:10.270] Cleanup called
